O018 VERIFICATION LOG — BAB 13 OPTIMISASI MULTIOBJEKTIF
verification_date: 2026-08-22
runtime: CPython 3.12.13; Pyomo 6.10.1; highspy/HiGHS 1.15.1; NumPy 2.5.2
solver_interface: appsi_highs
network_used: no
proprietary_solver_used: no
excel_used: no

REPLAY_1
CHECK_OK results_bytes=35837 results_sha256=e38b0ec15b4f9825101dc0bfc12ea0d6f0fc962de2ab130191f2e6c1ab6535d8 plots=3 exercises=11 solver_calls=36
unittest: 26 passed, 0 failed, 0 errors

REPLAY_2
CHECK_OK results_bytes=35837 results_sha256=e38b0ec15b4f9825101dc0bfc12ea0d6f0fc962de2ab130191f2e6c1ab6535d8 plots=3 exercises=11 solver_calls=36
unittest: 26 passed, 0 failed, 0 errors

visual_qa: 3 SVG diperiksa pada raster 1440x1020
visual_qa_files: plots/ex13-04.svg; plots/ex13-07.svg; plots/ex13-09.svg
visual_qa_result: lulus; judul, sumbu, label, anotasi, titik, garis, dan legenda terbaca tanpa pemotongan
accessibility_qa: setiap SVG memuat title, desc, metadata terstruktur, role=img, dan xml:lang=id-ID
exercise_coverage: 11/11 terverifikasi
solver_terminations: 36 optimal per replay
maximum_solver_violation: 0
manual_alignment: buku 13.10 tidak ada; manual 13.10 -> buku 13.11
source_defects_recorded: 3
source_defect_ids: DEF-CH13-MANUAL-OMISSION; DEF-CH13-70PCT-FIGURE; DEF-CH13-REVENUE-PROFIT-TERMS
o018_math_corrections: 0
unresolved_exercises: 0
source_witnesses: 4 berkas otoritas/terjemahan diperiksa langsung terhadap ukuran byte dan SHA-256 yang dibekukan
rights_split: prosa/data/orakel/SVG CC BY-SA 4.0; kode Python baru MIT
sanitization: tidak ada kredensial, token, variabel lingkungan, atau keluaran jaringan yang dicatat
