O018 VERIFICATION LOG — CHAPTERS 7–9 SIMPLEX
verification_date: 2026-08-22
runtime: CPython 3.12.13; Pyomo 6.10.1; highspy/HiGHS 1.15.1; NumPy 2.5.2
network_used: no
proprietary_solver_used: no

REPLAY_1
CHECK_OK results_bytes=110132 results_sha256=0d33eda2ba7d99fde16519aed4920d7c6d478a2f2cb7d376a5e77f82968151e6 plots=3 exercises=38 solver_calls=16
unittest: 28 passed, 0 failed, 0 errors

REPLAY_2
CHECK_OK results_bytes=110132 results_sha256=0d33eda2ba7d99fde16519aed4920d7c6d478a2f2cb7d376a5e77f82968151e6 plots=3 exercises=38 solver_calls=16
unittest: 28 passed, 0 failed, 0 errors

visual_qa: 3 SVG diperiksa pada raster 1440x1020
visual_qa_files: ex07-15.svg, ex07-17.svg, ex09-12.svg
visual_qa_result: lulus; label terbaca, panah/daerah tidak terpotong, skala seragam, catatan batas jendela terlihat

exercise_coverage: 38/38 verified (17 + 9 + 12)
solver_terminations: 15 optimal, 1 unbounded
maximum_solver_violation: 0.0
underdetermined_exercises: 0
source_math_corrections: 0
source_manual_title_divergences: 3 (7.12, 7.13, 8.8; title-only)
implementation_corrections: 1 (CSS braces escaped before first successful SVG render)
rights_split: CC BY-SA 4.0 prose/data/oracle/SVG; MIT Python; factual outputs/receipt/log no added creative claim
source_witnesses: 12 hashes rechecked live after final bounded R017 simplex reflow (6 authority + 6 translated)
