O018_CH14_GRAPH_ALGORITHMS_VERIFICATION
verification_date: 2026-08-22
runtime: CPython 3.12.13 (pinned ch05_graphical_lp_runtime)
networkx_runtime: unavailable; implementation: pure_stdlib

RUN_1
CHECK_OK results_bytes=24177 results_sha256=6e9fa65517c722c749aa2805ab852bf8aaf5c77eaf46c5d6500b63bdc7e0af2c plots=2 exercises=23 algorithm_checks=23
unittest: 33 passed, 0 failed, 0 errors

RUN_2
CHECK_OK results_bytes=24177 results_sha256=6e9fa65517c722c749aa2805ab852bf8aaf5c77eaf46c5d6500b63bdc7e0af2c plots=2 exercises=23 algorithm_checks=23
unittest: 33 passed, 0 failed, 0 errors

visual_qa: 2 SVG diperiksa pada ukuran asli 960x640
visual_qa_ex14_01: label simpul/sisi terbaca; 5 sisi MST dibedakan dengan warna dan ketebalan; legenda terlihat; tidak ada potongan atau tumpang tindih label yang menyamarkan nilai
visual_qa_ex14_04: label simpul/sisi terbaca; lintasan A-B-D-E-G dibedakan dengan warna dan ketebalan; legenda terlihat; tidak ada potongan atau tumpang tindih
svg_ex14_01: bytes=6544 sha256=a258fff2e13aaf2698d22e646e75d502541c81465d1de51f50bbf549676e27a9
svg_ex14_04: bytes=5513 sha256=1e29a6a58f19af2552911cb0bfe2ee43143ff8c4e7e07e4d32604622fe0b7e93
accessibility: xml:lang=id-ID; role=img; title=present; desc=present; structured alternative metadata=present
shortest_path_crosschecks: Dijkstra == Bellman-Ford untuk seluruh kasus numerik nonnegatif
mst_crosschecks: Kruskal == enumerasi semua pohon merentang untuk 4 kasus; Prim == Kruskal untuk graf utama
handshake_exhaustive_check: seluruh graf sederhana sampai 5 simpul memiliki banyak simpul berderajat ganjil yang genap
source_notes_recorded: 4
o018_math_corrections: 0
unresolved_exercises: 0
